------------------------------------------------------------
Timing Analyzer Summary
------------------------------------------------------------

Type  : Slow 1200mV 85C Model Setup 'BMO'
Slack : -9.368
TNS   : -171.822

Type  : Slow 1200mV 85C Model Setup 'CLK'
Slack : -5.565
TNS   : -22.097

Type  : Slow 1200mV 85C Model Setup 'circuitoAutomatico:inst4|lpm_counter:CONTADOR_Unidade_Minuto_Abertura|cntr_sij:auto_generated|counter_reg_bit[0]'
Slack : -2.336
TNS   : -9.344

Type  : Slow 1200mV 85C Model Setup 'circuitoAutomatico:inst4|lpm_counter:CONTADOR_Unidade_Minuto_Fechamento|cntr_sij:auto_generated|counter_reg_bit[0]'
Slack : -2.336
TNS   : -9.344

Type  : Slow 1200mV 85C Model Setup 'circuitoAutomatico:inst4|lpm_counter:CONTADOR_Unidade_Hora_Fechamento|cntr_sij:auto_generated|counter_reg_bit[0]'
Slack : -0.725
TNS   : -0.972

Type  : Slow 1200mV 85C Model Setup 'circuitoAutomatico:inst4|lpm_counter:CONTADOR_Unidade_Hora_Abertura|cntr_sij:auto_generated|counter_reg_bit[0]'
Slack : -0.711
TNS   : -0.951

Type  : Slow 1200mV 85C Model Hold 'CLK'
Slack : -0.010
TNS   : -0.020

Type  : Slow 1200mV 85C Model Hold 'circuitoAutomatico:inst4|lpm_counter:CONTADOR_Unidade_Hora_Abertura|cntr_sij:auto_generated|counter_reg_bit[0]'
Slack : 0.451
TNS   : 0.000

Type  : Slow 1200mV 85C Model Hold 'circuitoAutomatico:inst4|lpm_counter:CONTADOR_Unidade_Hora_Fechamento|cntr_sij:auto_generated|counter_reg_bit[0]'
Slack : 0.612
TNS   : 0.000

Type  : Slow 1200mV 85C Model Hold 'BMO'
Slack : 0.651
TNS   : 0.000

Type  : Slow 1200mV 85C Model Hold 'circuitoAutomatico:inst4|lpm_counter:CONTADOR_Unidade_Minuto_Abertura|cntr_sij:auto_generated|counter_reg_bit[0]'
Slack : 0.659
TNS   : 0.000

Type  : Slow 1200mV 85C Model Hold 'circuitoAutomatico:inst4|lpm_counter:CONTADOR_Unidade_Minuto_Fechamento|cntr_sij:auto_generated|counter_reg_bit[0]'
Slack : 0.659
TNS   : 0.000

Type  : Slow 1200mV 85C Model Recovery 'BMO'
Slack : -7.395
TNS   : -67.785

Type  : Slow 1200mV 85C Model Recovery 'CLK'
Slack : -2.200
TNS   : -8.633

Type  : Slow 1200mV 85C Model Recovery 'circuitoAutomatico:inst4|lpm_counter:CONTADOR_Unidade_Hora_Fechamento|cntr_sij:auto_generated|counter_reg_bit[0]'
Slack : -1.834
TNS   : -3.668

Type  : Slow 1200mV 85C Model Recovery 'circuitoAutomatico:inst4|lpm_counter:CONTADOR_Unidade_Hora_Abertura|cntr_sij:auto_generated|counter_reg_bit[0]'
Slack : -1.823
TNS   : -3.646

Type  : Slow 1200mV 85C Model Recovery 'circuitoAutomatico:inst4|lpm_counter:CONTADOR_Unidade_Minuto_Abertura|cntr_sij:auto_generated|counter_reg_bit[0]'
Slack : -1.399
TNS   : -5.596

Type  : Slow 1200mV 85C Model Recovery 'circuitoAutomatico:inst4|lpm_counter:CONTADOR_Unidade_Minuto_Fechamento|cntr_sij:auto_generated|counter_reg_bit[0]'
Slack : -1.395
TNS   : -5.580

Type  : Slow 1200mV 85C Model Removal 'BMO'
Slack : -2.833
TNS   : -9.668

Type  : Slow 1200mV 85C Model Removal 'circuitoAutomatico:inst4|lpm_counter:CONTADOR_Unidade_Hora_Abertura|cntr_sij:auto_generated|counter_reg_bit[0]'
Slack : -0.287
TNS   : -0.574

Type  : Slow 1200mV 85C Model Removal 'circuitoAutomatico:inst4|lpm_counter:CONTADOR_Unidade_Hora_Fechamento|cntr_sij:auto_generated|counter_reg_bit[0]'
Slack : -0.232
TNS   : -0.464

Type  : Slow 1200mV 85C Model Removal 'circuitoAutomatico:inst4|lpm_counter:CONTADOR_Unidade_Minuto_Fechamento|cntr_sij:auto_generated|counter_reg_bit[0]'
Slack : 1.406
TNS   : 0.000

Type  : Slow 1200mV 85C Model Removal 'circuitoAutomatico:inst4|lpm_counter:CONTADOR_Unidade_Minuto_Abertura|cntr_sij:auto_generated|counter_reg_bit[0]'
Slack : 1.492
TNS   : 0.000

Type  : Slow 1200mV 85C Model Removal 'CLK'
Slack : 2.057
TNS   : 0.000

Type  : Slow 1200mV 85C Model Minimum Pulse Width 'BMO'
Slack : -3.000
TNS   : -51.830

Type  : Slow 1200mV 85C Model Minimum Pulse Width 'CLK'
Slack : -3.000
TNS   : -18.420

Type  : Slow 1200mV 85C Model Minimum Pulse Width 'circuitoAutomatico:inst4|lpm_counter:CONTADOR_Unidade_Minuto_Abertura|cntr_sij:auto_generated|counter_reg_bit[0]'
Slack : -1.285
TNS   : -5.140

Type  : Slow 1200mV 85C Model Minimum Pulse Width 'circuitoAutomatico:inst4|lpm_counter:CONTADOR_Unidade_Minuto_Fechamento|cntr_sij:auto_generated|counter_reg_bit[0]'
Slack : -1.285
TNS   : -5.140

Type  : Slow 1200mV 85C Model Minimum Pulse Width 'circuitoAutomatico:inst4|lpm_counter:CONTADOR_Unidade_Hora_Abertura|cntr_sij:auto_generated|counter_reg_bit[0]'
Slack : -1.285
TNS   : -2.570

Type  : Slow 1200mV 85C Model Minimum Pulse Width 'circuitoAutomatico:inst4|lpm_counter:CONTADOR_Unidade_Hora_Fechamento|cntr_sij:auto_generated|counter_reg_bit[0]'
Slack : -1.285
TNS   : -2.570

Type  : Slow 1200mV 0C Model Setup 'BMO'
Slack : -8.650
TNS   : -155.399

Type  : Slow 1200mV 0C Model Setup 'CLK'
Slack : -5.021
TNS   : -19.456

Type  : Slow 1200mV 0C Model Setup 'circuitoAutomatico:inst4|lpm_counter:CONTADOR_Unidade_Minuto_Fechamento|cntr_sij:auto_generated|counter_reg_bit[0]'
Slack : -2.012
TNS   : -8.048

Type  : Slow 1200mV 0C Model Setup 'circuitoAutomatico:inst4|lpm_counter:CONTADOR_Unidade_Minuto_Abertura|cntr_sij:auto_generated|counter_reg_bit[0]'
Slack : -2.010
TNS   : -8.040

Type  : Slow 1200mV 0C Model Setup 'circuitoAutomatico:inst4|lpm_counter:CONTADOR_Unidade_Hora_Fechamento|cntr_sij:auto_generated|counter_reg_bit[0]'
Slack : -0.557
TNS   : -0.674

Type  : Slow 1200mV 0C Model Setup 'circuitoAutomatico:inst4|lpm_counter:CONTADOR_Unidade_Hora_Abertura|cntr_sij:auto_generated|counter_reg_bit[0]'
Slack : -0.544
TNS   : -0.654

Type  : Slow 1200mV 0C Model Hold 'CLK'
Slack : 0.053
TNS   : 0.000

Type  : Slow 1200mV 0C Model Hold 'circuitoAutomatico:inst4|lpm_counter:CONTADOR_Unidade_Hora_Abertura|cntr_sij:auto_generated|counter_reg_bit[0]'
Slack : 0.408
TNS   : 0.000

Type  : Slow 1200mV 0C Model Hold 'circuitoAutomatico:inst4|lpm_counter:CONTADOR_Unidade_Hora_Fechamento|cntr_sij:auto_generated|counter_reg_bit[0]'
Slack : 0.567
TNS   : 0.000

Type  : Slow 1200mV 0C Model Hold 'BMO'
Slack : 0.594
TNS   : 0.000

Type  : Slow 1200mV 0C Model Hold 'circuitoAutomatico:inst4|lpm_counter:CONTADOR_Unidade_Minuto_Abertura|cntr_sij:auto_generated|counter_reg_bit[0]'
Slack : 0.602
TNS   : 0.000

Type  : Slow 1200mV 0C Model Hold 'circuitoAutomatico:inst4|lpm_counter:CONTADOR_Unidade_Minuto_Fechamento|cntr_sij:auto_generated|counter_reg_bit[0]'
Slack : 0.603
TNS   : 0.000

Type  : Slow 1200mV 0C Model Recovery 'BMO'
Slack : -6.883
TNS   : -60.955

Type  : Slow 1200mV 0C Model Recovery 'CLK'
Slack : -1.931
TNS   : -7.577

Type  : Slow 1200mV 0C Model Recovery 'circuitoAutomatico:inst4|lpm_counter:CONTADOR_Unidade_Hora_Fechamento|cntr_sij:auto_generated|counter_reg_bit[0]'
Slack : -1.608
TNS   : -3.216

Type  : Slow 1200mV 0C Model Recovery 'circuitoAutomatico:inst4|lpm_counter:CONTADOR_Unidade_Hora_Abertura|cntr_sij:auto_generated|counter_reg_bit[0]'
Slack : -1.557
TNS   : -3.114

Type  : Slow 1200mV 0C Model Recovery 'circuitoAutomatico:inst4|lpm_counter:CONTADOR_Unidade_Minuto_Abertura|cntr_sij:auto_generated|counter_reg_bit[0]'
Slack : -1.160
TNS   : -4.640

Type  : Slow 1200mV 0C Model Recovery 'circuitoAutomatico:inst4|lpm_counter:CONTADOR_Unidade_Minuto_Fechamento|cntr_sij:auto_generated|counter_reg_bit[0]'
Slack : -1.151
TNS   : -4.604

Type  : Slow 1200mV 0C Model Removal 'BMO'
Slack : -2.584
TNS   : -9.096

Type  : Slow 1200mV 0C Model Removal 'circuitoAutomatico:inst4|lpm_counter:CONTADOR_Unidade_Hora_Abertura|cntr_sij:auto_generated|counter_reg_bit[0]'
Slack : -0.248
TNS   : -0.496

Type  : Slow 1200mV 0C Model Removal 'circuitoAutomatico:inst4|lpm_counter:CONTADOR_Unidade_Hora_Fechamento|cntr_sij:auto_generated|counter_reg_bit[0]'
Slack : -0.206
TNS   : -0.412

Type  : Slow 1200mV 0C Model Removal 'circuitoAutomatico:inst4|lpm_counter:CONTADOR_Unidade_Minuto_Fechamento|cntr_sij:auto_generated|counter_reg_bit[0]'
Slack : 1.269
TNS   : 0.000

Type  : Slow 1200mV 0C Model Removal 'circuitoAutomatico:inst4|lpm_counter:CONTADOR_Unidade_Minuto_Abertura|cntr_sij:auto_generated|counter_reg_bit[0]'
Slack : 1.356
TNS   : 0.000

Type  : Slow 1200mV 0C Model Removal 'CLK'
Slack : 1.992
TNS   : 0.000

Type  : Slow 1200mV 0C Model Minimum Pulse Width 'BMO'
Slack : -3.000
TNS   : -51.830

Type  : Slow 1200mV 0C Model Minimum Pulse Width 'CLK'
Slack : -3.000
TNS   : -18.420

Type  : Slow 1200mV 0C Model Minimum Pulse Width 'circuitoAutomatico:inst4|lpm_counter:CONTADOR_Unidade_Minuto_Abertura|cntr_sij:auto_generated|counter_reg_bit[0]'
Slack : -1.285
TNS   : -5.140

Type  : Slow 1200mV 0C Model Minimum Pulse Width 'circuitoAutomatico:inst4|lpm_counter:CONTADOR_Unidade_Minuto_Fechamento|cntr_sij:auto_generated|counter_reg_bit[0]'
Slack : -1.285
TNS   : -5.140

Type  : Slow 1200mV 0C Model Minimum Pulse Width 'circuitoAutomatico:inst4|lpm_counter:CONTADOR_Unidade_Hora_Abertura|cntr_sij:auto_generated|counter_reg_bit[0]'
Slack : -1.285
TNS   : -2.570

Type  : Slow 1200mV 0C Model Minimum Pulse Width 'circuitoAutomatico:inst4|lpm_counter:CONTADOR_Unidade_Hora_Fechamento|cntr_sij:auto_generated|counter_reg_bit[0]'
Slack : -1.285
TNS   : -2.570

Type  : Fast 1200mV 0C Model Setup 'BMO'
Slack : -4.549
TNS   : -69.738

Type  : Fast 1200mV 0C Model Setup 'CLK'
Slack : -2.879
TNS   : -10.408

Type  : Fast 1200mV 0C Model Setup 'circuitoAutomatico:inst4|lpm_counter:CONTADOR_Unidade_Minuto_Fechamento|cntr_sij:auto_generated|counter_reg_bit[0]'
Slack : -0.600
TNS   : -2.400

Type  : Fast 1200mV 0C Model Setup 'circuitoAutomatico:inst4|lpm_counter:CONTADOR_Unidade_Minuto_Abertura|cntr_sij:auto_generated|counter_reg_bit[0]'
Slack : -0.599
TNS   : -2.396

Type  : Fast 1200mV 0C Model Setup 'circuitoAutomatico:inst4|lpm_counter:CONTADOR_Unidade_Hora_Fechamento|cntr_sij:auto_generated|counter_reg_bit[0]'
Slack : 0.182
TNS   : 0.000

Type  : Fast 1200mV 0C Model Setup 'circuitoAutomatico:inst4|lpm_counter:CONTADOR_Unidade_Hora_Abertura|cntr_sij:auto_generated|counter_reg_bit[0]'
Slack : 0.189
TNS   : 0.000

Type  : Fast 1200mV 0C Model Hold 'CLK'
Slack : -0.191
TNS   : -0.381

Type  : Fast 1200mV 0C Model Hold 'circuitoAutomatico:inst4|lpm_counter:CONTADOR_Unidade_Hora_Abertura|cntr_sij:auto_generated|counter_reg_bit[0]'
Slack : 0.205
TNS   : 0.000

Type  : Fast 1200mV 0C Model Hold 'circuitoAutomatico:inst4|lpm_counter:CONTADOR_Unidade_Hora_Fechamento|cntr_sij:auto_generated|counter_reg_bit[0]'
Slack : 0.269
TNS   : 0.000

Type  : Fast 1200mV 0C Model Hold 'BMO'
Slack : 0.297
TNS   : 0.000

Type  : Fast 1200mV 0C Model Hold 'circuitoAutomatico:inst4|lpm_counter:CONTADOR_Unidade_Minuto_Abertura|cntr_sij:auto_generated|counter_reg_bit[0]'
Slack : 0.301
TNS   : 0.000

Type  : Fast 1200mV 0C Model Hold 'circuitoAutomatico:inst4|lpm_counter:CONTADOR_Unidade_Minuto_Fechamento|cntr_sij:auto_generated|counter_reg_bit[0]'
Slack : 0.301
TNS   : 0.000

Type  : Fast 1200mV 0C Model Recovery 'BMO'
Slack : -3.508
TNS   : -28.083

Type  : Fast 1200mV 0C Model Recovery 'CLK'
Slack : -1.263
TNS   : -4.949

Type  : Fast 1200mV 0C Model Recovery 'circuitoAutomatico:inst4|lpm_counter:CONTADOR_Unidade_Hora_Fechamento|cntr_sij:auto_generated|counter_reg_bit[0]'
Slack : -0.584
TNS   : -1.168

Type  : Fast 1200mV 0C Model Recovery 'circuitoAutomatico:inst4|lpm_counter:CONTADOR_Unidade_Hora_Abertura|cntr_sij:auto_generated|counter_reg_bit[0]'
Slack : -0.403
TNS   : -0.806

Type  : Fast 1200mV 0C Model Recovery 'circuitoAutomatico:inst4|lpm_counter:CONTADOR_Unidade_Minuto_Abertura|cntr_sij:auto_generated|counter_reg_bit[0]'
Slack : -0.201
TNS   : -0.804

Type  : Fast 1200mV 0C Model Recovery 'circuitoAutomatico:inst4|lpm_counter:CONTADOR_Unidade_Minuto_Fechamento|cntr_sij:auto_generated|counter_reg_bit[0]'
Slack : -0.198
TNS   : -0.792

Type  : Fast 1200mV 0C Model Removal 'BMO'
Slack : -1.848
TNS   : -7.655

Type  : Fast 1200mV 0C Model Removal 'circuitoAutomatico:inst4|lpm_counter:CONTADOR_Unidade_Hora_Fechamento|cntr_sij:auto_generated|counter_reg_bit[0]'
Slack : -0.076
TNS   : -0.152

Type  : Fast 1200mV 0C Model Removal 'circuitoAutomatico:inst4|lpm_counter:CONTADOR_Unidade_Hora_Abertura|cntr_sij:auto_generated|counter_reg_bit[0]'
Slack : -0.014
TNS   : -0.028

Type  : Fast 1200mV 0C Model Removal 'circuitoAutomatico:inst4|lpm_counter:CONTADOR_Unidade_Minuto_Fechamento|cntr_sij:auto_generated|counter_reg_bit[0]'
Slack : 0.683
TNS   : 0.000

Type  : Fast 1200mV 0C Model Removal 'circuitoAutomatico:inst4|lpm_counter:CONTADOR_Unidade_Minuto_Abertura|cntr_sij:auto_generated|counter_reg_bit[0]'
Slack : 0.712
TNS   : 0.000

Type  : Fast 1200mV 0C Model Removal 'CLK'
Slack : 0.778
TNS   : 0.000

Type  : Fast 1200mV 0C Model Minimum Pulse Width 'BMO'
Slack : -3.000
TNS   : -48.177

Type  : Fast 1200mV 0C Model Minimum Pulse Width 'CLK'
Slack : -3.000
TNS   : -15.530

Type  : Fast 1200mV 0C Model Minimum Pulse Width 'circuitoAutomatico:inst4|lpm_counter:CONTADOR_Unidade_Minuto_Abertura|cntr_sij:auto_generated|counter_reg_bit[0]'
Slack : -1.000
TNS   : -4.000

Type  : Fast 1200mV 0C Model Minimum Pulse Width 'circuitoAutomatico:inst4|lpm_counter:CONTADOR_Unidade_Minuto_Fechamento|cntr_sij:auto_generated|counter_reg_bit[0]'
Slack : -1.000
TNS   : -4.000

Type  : Fast 1200mV 0C Model Minimum Pulse Width 'circuitoAutomatico:inst4|lpm_counter:CONTADOR_Unidade_Hora_Abertura|cntr_sij:auto_generated|counter_reg_bit[0]'
Slack : -1.000
TNS   : -2.000

Type  : Fast 1200mV 0C Model Minimum Pulse Width 'circuitoAutomatico:inst4|lpm_counter:CONTADOR_Unidade_Hora_Fechamento|cntr_sij:auto_generated|counter_reg_bit[0]'
Slack : -1.000
TNS   : -2.000

------------------------------------------------------------
